# Map file for standard Apple fonts
# See Inside Macintosh I-221
#
# <code> <troff name> ...
0x21    !
0x22    '"'
0x23    #
0x24    $
0x25    %
0x26    &
0x27    "'"
0x28    (
0x29    )
0x2a    *
0x2b    +
0x2c    ,
0x2d    -   hy
0x2e    .
0x2f    /
0x30    0
0x31    1
0x32    2
0x33    3
0x34    4
0x35    5
0x36    6
0x37    7
0x38    8
0x39    9
0x3a    :
0x3b    ;
0x3c    <
0x3d    =
0x3e    >
0x3f    ?
0x40    @
0x41    A
0x42    B
0x43    C
0x44    D
0x45    E
0x46    F
0x47    G
0x48    H
0x49    I
0x4a    J
0x4b    K
0x4c    L
0x4d    M
0x4e    N
0x4f    O
0x50    P
0x51    Q
0x52    R
0x53    S
0x54    T
0x55    U
0x56    V
0x57    W
0x58    X
0x59    Y
0x5a    Z
0x5b    [
0x5c    \
0x5d    ]
# 0x5f    _   ru
0x60    ga  `
0x61    a
0x62    b
0x63    c
0x64    d
0x65    e
0x66    f
0x67    g
0x68    h
0x69    i
0x6a    j
0x6b    k
0x6c    l
0x6d    m
0x6e    n
0x6f    o
0x70    p
0x71    q
0x72    r
0x73    s
0x74    t
0x75    u
0x76    v
0x77    w
0x78    x
0x79    y
0x7a    z
0x7b    {
0x7c    |   or
0x7d    }
0x80    A:
0x81    Ao
0x82    C,
0x83    E'
0x84    N~
0x85    O:
0x86    U:
0x87    a'
0x88    a`
0x89    a^
0x8a    a:
0x8b    a~
0x8c    ao
0x8d    c,
0x8e    e'
0x8f    e`
0x90    e^
0x91    e:
0x92    i'
0x93    i`
0x94    i^
0x95    i:
0x96    n~
0x97    o'
0x98    o`
0x99    o^
0x9a    o:
0x9b    o~
0x9c    u'
0x9d    u`
0x9e    u^
0x9f    u:
0xa0    dg
0xa1    de
0xa2    ct
0xa3    po  ps
0xa4    sc
0xa5    bu
0xa6    pp
0xa7    ss
0xa8    rg
0xa9    co
0xaa    tm
0xab    aa
0xac    um  ..
0xae    AE
0xaf    O/
0xb4    $J  yi  yn
0xbb    of
0xbc    om
0xbe    ae
0xbf    o/
0xc0    I?
0xc1    I!
0xc7    d<
0xc8    d>
0xcb    A`
0xcc    A~
0xcd    O~
0xce    OE
0xcf    oe
0xd0    en
0xd1    em
0xd2    lq
0xd3    rq
0xd4    ql
0xd5    qr
0xde    fi
0xdf    fl
0xe0    dd
0xe4    pm
0xe5    A^
0xe6    E^
0xe7    A'
0xe8    E:
0xe9    E`
0xea    I'
0xeb    I^
0xec    I:
0xed    I`
0xee    O'
0xef    O^
0xf0    Al
0xf1    O`
0xf2    U'
0xf3    U^
0xf4    U`
0xf5    ui
0xf6    ^
0xf7    ~
0xf8    mc  ma
0xf9    be
0xfa    dt
0xfb    ri
0xfc    cd
0xfe    og
