# Map file for Apple symbol font
# See Inside Macintosh I-221
#
# <code> <troff name> ...
0x21    !
0x22    fa
0x23    #
0x24    te
0x25    %
0x26    &
0x28    (
0x29    )
0x2a    *
0x2b    pl
0x2c    ,
0x2d    \-  mi
0x2e    .
0x2f    /
0x30    0
0x31    1
0x32    2
0x33    3
0x34    4
0x35    5
0x36    6
0x37    7
0x38    8
0x39    9
0x3a    :
0x3b    ;
0x3c    <
0x3d    eq
0x3e    >
0x3f    ?
0x40    en
0x41    *A
0x42    *B
0x43    *X
0x44    *D
0x45    *E
0x46    *F
0x47    *G
0x48    *Y
0x49    *I
0x4a    *J
0x4b    *K
0x4c    *L
0x4d    *M
0x4e    *N
0x4f    *O
0x50    *P
0x51    *H
0x52    *R
0x53    *S
0x54    *T
0x55    *U
0x56    ts
0x57    *W
0x58    *C
0x59    *Q
0x5a    *Z
0x5b    [
0x5c    tf
0x5d    ]
0x5e    bt
0x5f    \_
0x60    rn
0x61    *a
0x62    *b
0x63    *x
0x64    *d
0x65    *e
0x66    *f
0x67    *g
0x68    *y
0x69    *i
0x6a    *j
0x6b    *k
0x6c    *l
0x6d    *m
0x6e    *n
0x6f    *o
0x70    *p
0x71    *h
0x72    *r
0x73    *s
0x74    *t
0x75    *u
0x76    *v
0x77    *w
0x78    *c
0x79    *q
0x7a    *z
0x7b    {
0x7c    |
0x7d    }
0x7e    ~
0xa2    fm  mt
0xa3    <=
0xa5    if
0xa6    $D
0xab    <>
0xac    <-
0xad    ua
0xae    ->
0xaf    da
0xb0    de
0xb1    +-
0xb2    sd
0xb3    >=
0xb4    mu
0xb5    pt
0xb6    pd
0xb7    bu
0xb8    di
0xb9    !=
0xba    ==
0xbb    ~=
0xbc    el
0xbf    cr
0xc0    al
0xc4    ax
0xc5    at
0xc6    es
0xc7    ca
0xc8    cu
0xc9    sp
0xca    ip
0xcb    !s
0xcc    sb
0xcd    ib
0xce    mo  cm
0xcf    !m
0xd1    gr
0xd2    rg
0xd3    co
0xd4    tm
0xd6    sr
0xd7    m.
0xd8    no
0xd9    an  la
0xda    lo
0xdb    io
0xdc    <:  lh
0xde    >:  im  rh
0xe1    l<
# 0xe9    lc
# 0xea    bv
# 0xeb    lf
# 0xec    lt
# 0xed    lk
0xf0    Al
0xf1    r>
0xf2	is
# 0xf9    rc
# 0xfb    rf
# 0xfc    rt
# 0xfd    rk
# 0xfe    rb
